Archive member included to satisfy reference by file (symbol)

c:/program files/microchip/xc8/v2.31/avr/bin/../lib/gcc/avr/5.4.0/avr5/memx-const\libgcc.a(_mulsi3.o)
                              Display/DisplayTool.o (__mulsi3)
c:/program files/microchip/xc8/v2.31/avr/bin/../lib/gcc/avr/5.4.0/avr5/memx-const\libgcc.a(_udivmodsi4.o)
                              Display/DisplayTool.o (__udivmodsi4)
c:/program files/microchip/xc8/v2.31/avr/bin/../lib/gcc/avr/5.4.0/avr5/memx-const\libgcc.a(_exit.o)
                              C:/Program Files (x86)/Atmel/Studio/7.0/Packs/atmel/ATmega_DFP/1.6.364/xc8/avr/lib/avr5/memx-const/crtatmega328pb.o (exit)
c:/program files/microchip/xc8/v2.31/avr/bin/../lib/gcc/avr/5.4.0/avr5/memx-const\libgcc.a(_tablejump2.o)
                              Display/DisplayTool.o (__tablejump2__)
c:/program files/microchip/xc8/v2.31/avr/bin/../lib/gcc/avr/5.4.0/avr5/memx-const\libgcc.a(_copy_data.o)
                              LCD/lcd_drv.o (__do_copy_data)
c:/program files/microchip/xc8/v2.31/avr/bin/../lib/gcc/avr/5.4.0/avr5/memx-const\libgcc.a(_muluhisi3.o)
                              Tools/MyMath.o (__muluhisi3)
c:/program files/microchip/xc8/v2.31/avr/bin/../lib/gcc/avr/5.4.0/avr5/memx-const\libgcc.a(_movmemx.o)
                              Display/DisplayTool.o (__movmemx_qi)
c:/program files/microchip/xc8/v2.31/avr/bin/../lib/gcc/avr/5.4.0/avr5/memx-const\libgcc.a(_umulhisi3.o)
                              c:/program files/microchip/xc8/v2.31/avr/bin/../lib/gcc/avr/5.4.0/avr5/memx-const\libgcc.a(_muluhisi3.o) (__umulhisi3)
c:/program files/microchip/xc8/v2.31/avr/bin/../lib/gcc/avr/5.4.0/../../../../avr/lib/avr5/memx-const\libc.a(sprintf.o)
                              Display/DisplayTool.o (sprintf)
c:/program files/microchip/xc8/v2.31/avr/bin/../lib/gcc/avr/5.4.0/../../../../avr/lib/avr5/memx-const\libc.a(vfprintf_std.o)
                              c:/program files/microchip/xc8/v2.31/avr/bin/../lib/gcc/avr/5.4.0/../../../../avr/lib/avr5/memx-const\libc.a(sprintf.o) (vfprintf)
c:/program files/microchip/xc8/v2.31/avr/bin/../lib/gcc/avr/5.4.0/../../../../avr/lib/avr5/memx-const\libc.a(strnlen_M.o)
                              c:/program files/microchip/xc8/v2.31/avr/bin/../lib/gcc/avr/5.4.0/../../../../avr/lib/avr5/memx-const\libc.a(vfprintf_std.o) (strnlen)
c:/program files/microchip/xc8/v2.31/avr/bin/../lib/gcc/avr/5.4.0/../../../../avr/lib/avr5/memx-const\libc.a(fputc.o)
                              c:/program files/microchip/xc8/v2.31/avr/bin/../lib/gcc/avr/5.4.0/../../../../avr/lib/avr5/memx-const\libc.a(vfprintf_std.o) (fputc)
c:/program files/microchip/xc8/v2.31/avr/bin/../lib/gcc/avr/5.4.0/../../../../avr/lib/avr5/memx-const\libc.a(ultoa_invert.o)
                              c:/program files/microchip/xc8/v2.31/avr/bin/../lib/gcc/avr/5.4.0/../../../../avr/lib/avr5/memx-const\libc.a(vfprintf_std.o) (__ultoa_invert)
c:/program files/microchip/xc8/v2.31/avr/bin/../lib/gcc/avr/5.4.0/avr5/memx-const\libgcc.a(_prologue.o)
                              c:/program files/microchip/xc8/v2.31/avr/bin/../lib/gcc/avr/5.4.0/../../../../avr/lib/avr5/memx-const\libc.a(sprintf.o) (__prologue_saves__)
c:/program files/microchip/xc8/v2.31/avr/bin/../lib/gcc/avr/5.4.0/avr5/memx-const\libgcc.a(_epilogue.o)
                              c:/program files/microchip/xc8/v2.31/avr/bin/../lib/gcc/avr/5.4.0/../../../../avr/lib/avr5/memx-const\libc.a(sprintf.o) (__epilogue_restores__)

Allocating common symbols
Common symbol       size              file

_t0_func            0x2               Timer/atmega-timers.o
_t2_func            0x2               Timer/atmega-timers.o
_t1_func            0x2               Timer/atmega-timers.o

Discarded input sections

 .data          0x0000000000000000        0x0 C:/Program Files (x86)/Atmel/Studio/7.0/Packs/atmel/ATmega_DFP/1.6.364/xc8/avr/lib/avr5/memx-const/crtatmega328pb.o
 .bss           0x0000000000000000        0x0 C:/Program Files (x86)/Atmel/Studio/7.0/Packs/atmel/ATmega_DFP/1.6.364/xc8/avr/lib/avr5/memx-const/crtatmega328pb.o
 .text          0x0000000000000000        0x0 atmel_start.o
 .data          0x0000000000000000        0x0 atmel_start.o
 .bss           0x0000000000000000        0x0 atmel_start.o
 .text          0x0000000000000000        0x0 Display/DisplayTool.o
 .data          0x0000000000000000        0x0 Display/DisplayTool.o
 .bss           0x0000000000000000        0x0 Display/DisplayTool.o
 .text          0x0000000000000000        0x0 EEPROM/EepromTool.o
 .data          0x0000000000000000        0x0 EEPROM/EepromTool.o
 .bss           0x0000000000000000        0x0 EEPROM/EepromTool.o
 .text          0x0000000000000000        0x0 Globals.o
 .data          0x0000000000000000        0x0 Globals.o
 .bss           0x0000000000000000        0x0 Globals.o
 .text          0x0000000000000000        0x0 LCD/lcd_drv.o
 .data          0x0000000000000000        0x0 LCD/lcd_drv.o
 .bss           0x0000000000000000        0x0 LCD/lcd_drv.o
 .text.lcd_blank
                0x0000000000000000       0x18 LCD/lcd_drv.o
 .text          0x0000000000000000        0x0 main.o
 .data          0x0000000000000000        0x0 main.o
 .bss           0x0000000000000000        0x0 main.o
 .text          0x0000000000000000        0x0 src/driver_init.o
 .data          0x0000000000000000        0x0 src/driver_init.o
 .bss           0x0000000000000000        0x0 src/driver_init.o
 .text          0x0000000000000000        0x0 src/protected_io.o
 .data          0x0000000000000000        0x0 src/protected_io.o
 .bss           0x0000000000000000        0x0 src/protected_io.o
 .text          0x0000000000000000        0x0 Switch/SwitchConfig.o
 .data          0x0000000000000000        0x0 Switch/SwitchConfig.o
 .bss           0x0000000000000000        0x0 Switch/SwitchConfig.o
 .text          0x0000000000000000        0x0 Timer/atmega-timers.o
 .data          0x0000000000000000        0x0 Timer/atmega-timers.o
 .bss           0x0000000000000000        0x0 Timer/atmega-timers.o
 .text.timer0   0x0000000000000000       0x24 Timer/atmega-timers.o
 .text.timer0_stop
                0x0000000000000000        0x4 Timer/atmega-timers.o
 .text.timer1   0x0000000000000000       0x34 Timer/atmega-timers.o
 .text.timer1_stop
                0x0000000000000000        0x6 Timer/atmega-timers.o
 .text.timer2   0x0000000000000000       0x30 Timer/atmega-timers.o
 .text.timer2_stop
                0x0000000000000000        0x6 Timer/atmega-timers.o
 .text.wait0    0x0000000000000000       0x26 Timer/atmega-timers.o
 .text.wait1    0x0000000000000000       0x3a Timer/atmega-timers.o
 .text.wait2    0x0000000000000000       0x34 Timer/atmega-timers.o
 .text          0x0000000000000000        0x0 Timer/CustomTimer.o
 .data          0x0000000000000000        0x0 Timer/CustomTimer.o
 .bss           0x0000000000000000        0x0 Timer/CustomTimer.o
 .text.actionWrapper
                0x0000000000000000       0x18 Timer/CustomTimer.o
 .text.waitUntilAction
                0x0000000000000000       0x56 Timer/CustomTimer.o
 .text.startTimerAction
                0x0000000000000000       0x8c Timer/CustomTimer.o
 .bss.count.1684
                0x0000000000000000        0x4 Timer/CustomTimer.o
 .bss.G_RepeatAction
                0x0000000000000000        0x1 Timer/CustomTimer.o
 .data.G_TargetCount
                0x0000000000000000        0x4 Timer/CustomTimer.o
 .bss.G_Action  0x0000000000000000        0x2 Timer/CustomTimer.o
 .debug_info    0x0000000000000000      0x444 Timer/CustomTimer.o
 .debug_abbrev  0x0000000000000000      0x10b Timer/CustomTimer.o
 .debug_loc     0x0000000000000000      0x197 Timer/CustomTimer.o
 .debug_aranges
                0x0000000000000000       0x30 Timer/CustomTimer.o
 .debug_ranges  0x0000000000000000       0x20 Timer/CustomTimer.o
 .debug_line    0x0000000000000000       0xe2 Timer/CustomTimer.o
 .debug_str     0x0000000000000000        0xc Timer/CustomTimer.o
 .comment       0x0000000000000000       0x30 Timer/CustomTimer.o
 .debug_frame   0x0000000000000000       0x58 Timer/CustomTimer.o
 .text          0x0000000000000000        0x0 Tools/MyMath.o
 .data          0x0000000000000000        0x0 Tools/MyMath.o
 .bss           0x0000000000000000        0x0 Tools/MyMath.o
 .text          0x0000000000000000        0x0 c:/program files/microchip/xc8/v2.31/avr/bin/../lib/gcc/avr/5.4.0/avr5/memx-const\libgcc.a(_mulsi3.o)
 .data          0x0000000000000000        0x0 c:/program files/microchip/xc8/v2.31/avr/bin/../lib/gcc/avr/5.4.0/avr5/memx-const\libgcc.a(_mulsi3.o)
 .bss           0x0000000000000000        0x0 c:/program files/microchip/xc8/v2.31/avr/bin/../lib/gcc/avr/5.4.0/avr5/memx-const\libgcc.a(_mulsi3.o)
 .text.libgcc.div
                0x0000000000000000        0x0 c:/program files/microchip/xc8/v2.31/avr/bin/../lib/gcc/avr/5.4.0/avr5/memx-const\libgcc.a(_mulsi3.o)
 .text.libgcc   0x0000000000000000        0x0 c:/program files/microchip/xc8/v2.31/avr/bin/../lib/gcc/avr/5.4.0/avr5/memx-const\libgcc.a(_mulsi3.o)
 .text.libgcc.prologue
                0x0000000000000000        0x0 c:/program files/microchip/xc8/v2.31/avr/bin/../lib/gcc/avr/5.4.0/avr5/memx-const\libgcc.a(_mulsi3.o)
 .text.libgcc.builtins
                0x0000000000000000        0x0 c:/program files/microchip/xc8/v2.31/avr/bin/../lib/gcc/avr/5.4.0/avr5/memx-const\libgcc.a(_mulsi3.o)
 .text.libgcc.fmul
                0x0000000000000000        0x0 c:/program files/microchip/xc8/v2.31/avr/bin/../lib/gcc/avr/5.4.0/avr5/memx-const\libgcc.a(_mulsi3.o)
 .text.libgcc.fixed
                0x0000000000000000        0x0 c:/program files/microchip/xc8/v2.31/avr/bin/../lib/gcc/avr/5.4.0/avr5/memx-const\libgcc.a(_mulsi3.o)
 .text          0x0000000000000000        0x0 c:/program files/microchip/xc8/v2.31/avr/bin/../lib/gcc/avr/5.4.0/avr5/memx-const\libgcc.a(_udivmodsi4.o)
 .data          0x0000000000000000        0x0 c:/program files/microchip/xc8/v2.31/avr/bin/../lib/gcc/avr/5.4.0/avr5/memx-const\libgcc.a(_udivmodsi4.o)
 .bss           0x0000000000000000        0x0 c:/program files/microchip/xc8/v2.31/avr/bin/../lib/gcc/avr/5.4.0/avr5/memx-const\libgcc.a(_udivmodsi4.o)
 .text.libgcc.mul
                0x0000000000000000        0x0 c:/program files/microchip/xc8/v2.31/avr/bin/../lib/gcc/avr/5.4.0/avr5/memx-const\libgcc.a(_udivmodsi4.o)
 .text.libgcc   0x0000000000000000        0x0 c:/program files/microchip/xc8/v2.31/avr/bin/../lib/gcc/avr/5.4.0/avr5/memx-const\libgcc.a(_udivmodsi4.o)
 .text.libgcc.prologue
                0x0000000000000000        0x0 c:/program files/microchip/xc8/v2.31/avr/bin/../lib/gcc/avr/5.4.0/avr5/memx-const\libgcc.a(_udivmodsi4.o)
 .text.libgcc.builtins
                0x0000000000000000        0x0 c:/program files/microchip/xc8/v2.31/avr/bin/../lib/gcc/avr/5.4.0/avr5/memx-const\libgcc.a(_udivmodsi4.o)
 .text.libgcc.fmul
                0x0000000000000000        0x0 c:/program files/microchip/xc8/v2.31/avr/bin/../lib/gcc/avr/5.4.0/avr5/memx-const\libgcc.a(_udivmodsi4.o)
 .text.libgcc.fixed
                0x0000000000000000        0x0 c:/program files/microchip/xc8/v2.31/avr/bin/../lib/gcc/avr/5.4.0/avr5/memx-const\libgcc.a(_udivmodsi4.o)
 .text          0x0000000000000000        0x0 c:/program files/microchip/xc8/v2.31/avr/bin/../lib/gcc/avr/5.4.0/avr5/memx-const\libgcc.a(_exit.o)
 .data          0x0000000000000000        0x0 c:/program files/microchip/xc8/v2.31/avr/bin/../lib/gcc/avr/5.4.0/avr5/memx-const\libgcc.a(_exit.o)
 .bss           0x0000000000000000        0x0 c:/program files/microchip/xc8/v2.31/avr/bin/../lib/gcc/avr/5.4.0/avr5/memx-const\libgcc.a(_exit.o)
 .text.libgcc.mul
                0x0000000000000000        0x0 c:/program files/microchip/xc8/v2.31/avr/bin/../lib/gcc/avr/5.4.0/avr5/memx-const\libgcc.a(_exit.o)
 .text.libgcc.div
                0x0000000000000000        0x0 c:/program files/microchip/xc8/v2.31/avr/bin/../lib/gcc/avr/5.4.0/avr5/memx-const\libgcc.a(_exit.o)
 .text.libgcc   0x0000000000000000        0x0 c:/program files/microchip/xc8/v2.31/avr/bin/../lib/gcc/avr/5.4.0/avr5/memx-const\libgcc.a(_exit.o)
 .text.libgcc.prologue
                0x0000000000000000        0x0 c:/program files/microchip/xc8/v2.31/avr/bin/../lib/gcc/avr/5.4.0/avr5/memx-const\libgcc.a(_exit.o)
 .text.libgcc.builtins
                0x0000000000000000        0x0 c:/program files/microchip/xc8/v2.31/avr/bin/../lib/gcc/avr/5.4.0/avr5/memx-const\libgcc.a(_exit.o)
 .text.libgcc.fmul
                0x0000000000000000        0x0 c:/program files/microchip/xc8/v2.31/avr/bin/../lib/gcc/avr/5.4.0/avr5/memx-const\libgcc.a(_exit.o)
 .text.libgcc.fixed
                0x0000000000000000        0x0 c:/program files/microchip/xc8/v2.31/avr/bin/../lib/gcc/avr/5.4.0/avr5/memx-const\libgcc.a(_exit.o)
 .text          0x0000000000000000        0x0 c:/program files/microchip/xc8/v2.31/avr/bin/../lib/gcc/avr/5.4.0/avr5/memx-const\libgcc.a(_tablejump2.o)
 .data          0x0000000000000000        0x0 c:/program files/microchip/xc8/v2.31/avr/bin/../lib/gcc/avr/5.4.0/avr5/memx-const\libgcc.a(_tablejump2.o)
 .bss           0x0000000000000000        0x0 c:/program files/microchip/xc8/v2.31/avr/bin/../lib/gcc/avr/5.4.0/avr5/memx-const\libgcc.a(_tablejump2.o)
 .text.libgcc.mul
                0x0000000000000000        0x0 c:/program files/microchip/xc8/v2.31/avr/bin/../lib/gcc/avr/5.4.0/avr5/memx-const\libgcc.a(_tablejump2.o)
 .text.libgcc.div
                0x0000000000000000        0x0 c:/program files/microchip/xc8/v2.31/avr/bin/../lib/gcc/avr/5.4.0/avr5/memx-const\libgcc.a(_tablejump2.o)
 .text.libgcc.prologue
                0x0000000000000000        0x0 c:/program files/microchip/xc8/v2.31/avr/bin/../lib/gcc/avr/5.4.0/avr5/memx-const\libgcc.a(_tablejump2.o)
 .text.libgcc.builtins
                0x0000000000000000        0x0 c:/program files/microchip/xc8/v2.31/avr/bin/../lib/gcc/avr/5.4.0/avr5/memx-const\libgcc.a(_tablejump2.o)
 .text.libgcc.fmul
                0x0000000000000000        0x0 c:/program files/microchip/xc8/v2.31/avr/bin/../lib/gcc/avr/5.4.0/avr5/memx-const\libgcc.a(_tablejump2.o)
 .text.libgcc.fixed
                0x0000000000000000        0x0 c:/program files/microchip/xc8/v2.31/avr/bin/../lib/gcc/avr/5.4.0/avr5/memx-const\libgcc.a(_tablejump2.o)
 .text          0x0000000000000000        0x0 c:/program files/microchip/xc8/v2.31/avr/bin/../lib/gcc/avr/5.4.0/avr5/memx-const\libgcc.a(_copy_data.o)
 .data          0x0000000000000000        0x0 c:/program files/microchip/xc8/v2.31/avr/bin/../lib/gcc/avr/5.4.0/avr5/memx-const\libgcc.a(_copy_data.o)
 .bss           0x0000000000000000        0x0 c:/program files/microchip/xc8/v2.31/avr/bin/../lib/gcc/avr/5.4.0/avr5/memx-const\libgcc.a(_copy_data.o)
 .text.libgcc.mul
                0x0000000000000000        0x0 c:/program files/microchip/xc8/v2.31/avr/bin/../lib/gcc/avr/5.4.0/avr5/memx-const\libgcc.a(_copy_data.o)
 .text.libgcc.div
                0x0000000000000000        0x0 c:/program files/microchip/xc8/v2.31/avr/bin/../lib/gcc/avr/5.4.0/avr5/memx-const\libgcc.a(_copy_data.o)
 .text.libgcc   0x0000000000000000        0x0 c:/program files/microchip/xc8/v2.31/avr/bin/../lib/gcc/avr/5.4.0/avr5/memx-const\libgcc.a(_copy_data.o)
 .text.libgcc.prologue
                0x0000000000000000        0x0 c:/program files/microchip/xc8/v2.31/avr/bin/../lib/gcc/avr/5.4.0/avr5/memx-const\libgcc.a(_copy_data.o)
 .text.libgcc.builtins
                0x0000000000000000        0x0 c:/program files/microchip/xc8/v2.31/avr/bin/../lib/gcc/avr/5.4.0/avr5/memx-const\libgcc.a(_copy_data.o)
 .text.libgcc.fmul
                0x0000000000000000        0x0 c:/program files/microchip/xc8/v2.31/avr/bin/../lib/gcc/avr/5.4.0/avr5/memx-const\libgcc.a(_copy_data.o)
 .text.libgcc.fixed
                0x0000000000000000        0x0 c:/program files/microchip/xc8/v2.31/avr/bin/../lib/gcc/avr/5.4.0/avr5/memx-const\libgcc.a(_copy_data.o)
 .text          0x0000000000000000        0x0 c:/program files/microchip/xc8/v2.31/avr/bin/../lib/gcc/avr/5.4.0/avr5/memx-const\libgcc.a(_muluhisi3.o)
 .data          0x0000000000000000        0x0 c:/program files/microchip/xc8/v2.31/avr/bin/../lib/gcc/avr/5.4.0/avr5/memx-const\libgcc.a(_muluhisi3.o)
 .bss           0x0000000000000000        0x0 c:/program files/microchip/xc8/v2.31/avr/bin/../lib/gcc/avr/5.4.0/avr5/memx-const\libgcc.a(_muluhisi3.o)
 .text.libgcc.div
                0x0000000000000000        0x0 c:/program files/microchip/xc8/v2.31/avr/bin/../lib/gcc/avr/5.4.0/avr5/memx-const\libgcc.a(_muluhisi3.o)
 .text.libgcc   0x0000000000000000        0x0 c:/program files/microchip/xc8/v2.31/avr/bin/../lib/gcc/avr/5.4.0/avr5/memx-const\libgcc.a(_muluhisi3.o)
 .text.libgcc.prologue
                0x0000000000000000        0x0 c:/program files/microchip/xc8/v2.31/avr/bin/../lib/gcc/avr/5.4.0/avr5/memx-const\libgcc.a(_muluhisi3.o)
 .text.libgcc.builtins
                0x0000000000000000        0x0 c:/program files/microchip/xc8/v2.31/avr/bin/../lib/gcc/avr/5.4.0/avr5/memx-const\libgcc.a(_muluhisi3.o)
 .text.libgcc.fmul
                0x0000000000000000        0x0 c:/program files/microchip/xc8/v2.31/avr/bin/../lib/gcc/avr/5.4.0/avr5/memx-const\libgcc.a(_muluhisi3.o)
 .text.libgcc.fixed
                0x0000000000000000        0x0 c:/program files/microchip/xc8/v2.31/avr/bin/../lib/gcc/avr/5.4.0/avr5/memx-const\libgcc.a(_muluhisi3.o)
 .text          0x0000000000000000        0x0 c:/program files/microchip/xc8/v2.31/avr/bin/../lib/gcc/avr/5.4.0/avr5/memx-const\libgcc.a(_movmemx.o)
 .data          0x0000000000000000        0x0 c:/program files/microchip/xc8/v2.31/avr/bin/../lib/gcc/avr/5.4.0/avr5/memx-const\libgcc.a(_movmemx.o)
 .bss           0x0000000000000000        0x0 c:/program files/microchip/xc8/v2.31/avr/bin/../lib/gcc/avr/5.4.0/avr5/memx-const\libgcc.a(_movmemx.o)
 .text.libgcc.mul
                0x0000000000000000        0x0 c:/program files/microchip/xc8/v2.31/avr/bin/../lib/gcc/avr/5.4.0/avr5/memx-const\libgcc.a(_movmemx.o)
 .text.libgcc.div
                0x0000000000000000        0x0 c:/program files/microchip/xc8/v2.31/avr/bin/../lib/gcc/avr/5.4.0/avr5/memx-const\libgcc.a(_movmemx.o)
 .text.libgcc.prologue
                0x0000000000000000        0x0 c:/program files/microchip/xc8/v2.31/avr/bin/../lib/gcc/avr/5.4.0/avr5/memx-const\libgcc.a(_movmemx.o)
 .text.libgcc.builtins
                0x0000000000000000        0x0 c:/program files/microchip/xc8/v2.31/avr/bin/../lib/gcc/avr/5.4.0/avr5/memx-const\libgcc.a(_movmemx.o)
 .text.libgcc.fmul
                0x0000000000000000        0x0 c:/program files/microchip/xc8/v2.31/avr/bin/../lib/gcc/avr/5.4.0/avr5/memx-const\libgcc.a(_movmemx.o)
 .text.libgcc.fixed
                0x0000000000000000        0x0 c:/program files/microchip/xc8/v2.31/avr/bin/../lib/gcc/avr/5.4.0/avr5/memx-const\libgcc.a(_movmemx.o)
 .text          0x0000000000000000        0x0 c:/program files/microchip/xc8/v2.31/avr/bin/../lib/gcc/avr/5.4.0/avr5/memx-const\libgcc.a(_umulhisi3.o)
 .data          0x0000000000000000        0x0 c:/program files/microchip/xc8/v2.31/avr/bin/../lib/gcc/avr/5.4.0/avr5/memx-const\libgcc.a(_umulhisi3.o)
 .bss           0x0000000000000000        0x0 c:/program files/microchip/xc8/v2.31/avr/bin/../lib/gcc/avr/5.4.0/avr5/memx-const\libgcc.a(_umulhisi3.o)
 .text.libgcc.div
                0x0000000000000000        0x0 c:/program files/microchip/xc8/v2.31/avr/bin/../lib/gcc/avr/5.4.0/avr5/memx-const\libgcc.a(_umulhisi3.o)
 .text.libgcc   0x0000000000000000        0x0 c:/program files/microchip/xc8/v2.31/avr/bin/../lib/gcc/avr/5.4.0/avr5/memx-const\libgcc.a(_umulhisi3.o)
 .text.libgcc.prologue
                0x0000000000000000        0x0 c:/program files/microchip/xc8/v2.31/avr/bin/../lib/gcc/avr/5.4.0/avr5/memx-const\libgcc.a(_umulhisi3.o)
 .text.libgcc.builtins
                0x0000000000000000        0x0 c:/program files/microchip/xc8/v2.31/avr/bin/../lib/gcc/avr/5.4.0/avr5/memx-const\libgcc.a(_umulhisi3.o)
 .text.libgcc.fmul
                0x0000000000000000        0x0 c:/program files/microchip/xc8/v2.31/avr/bin/../lib/gcc/avr/5.4.0/avr5/memx-const\libgcc.a(_umulhisi3.o)
 .text.libgcc.fixed
                0x0000000000000000        0x0 c:/program files/microchip/xc8/v2.31/avr/bin/../lib/gcc/avr/5.4.0/avr5/memx-const\libgcc.a(_umulhisi3.o)
 .text          0x0000000000000000        0x0 c:/program files/microchip/xc8/v2.31/avr/bin/../lib/gcc/avr/5.4.0/../../../../avr/lib/avr5/memx-const\libc.a(sprintf.o)
 .data          0x0000000000000000        0x0 c:/program files/microchip/xc8/v2.31/avr/bin/../lib/gcc/avr/5.4.0/../../../../avr/lib/avr5/memx-const\libc.a(sprintf.o)
 .bss           0x0000000000000000        0x0 c:/program files/microchip/xc8/v2.31/avr/bin/../lib/gcc/avr/5.4.0/../../../../avr/lib/avr5/memx-const\libc.a(sprintf.o)
 .text          0x0000000000000000        0x0 c:/program files/microchip/xc8/v2.31/avr/bin/../lib/gcc/avr/5.4.0/../../../../avr/lib/avr5/memx-const\libc.a(vfprintf_std.o)
 .data          0x0000000000000000        0x0 c:/program files/microchip/xc8/v2.31/avr/bin/../lib/gcc/avr/5.4.0/../../../../avr/lib/avr5/memx-const\libc.a(vfprintf_std.o)
 .bss           0x0000000000000000        0x0 c:/program files/microchip/xc8/v2.31/avr/bin/../lib/gcc/avr/5.4.0/../../../../avr/lib/avr5/memx-const\libc.a(vfprintf_std.o)
 .text          0x0000000000000000        0x0 c:/program files/microchip/xc8/v2.31/avr/bin/../lib/gcc/avr/5.4.0/../../../../avr/lib/avr5/memx-const\libc.a(strnlen_M.o)
 .data          0x0000000000000000        0x0 c:/program files/microchip/xc8/v2.31/avr/bin/../lib/gcc/avr/5.4.0/../../../../avr/lib/avr5/memx-const\libc.a(strnlen_M.o)
 .bss           0x0000000000000000        0x0 c:/program files/microchip/xc8/v2.31/avr/bin/../lib/gcc/avr/5.4.0/../../../../avr/lib/avr5/memx-const\libc.a(strnlen_M.o)
 .text          0x0000000000000000        0x0 c:/program files/microchip/xc8/v2.31/avr/bin/../lib/gcc/avr/5.4.0/../../../../avr/lib/avr5/memx-const\libc.a(fputc.o)
 .data          0x0000000000000000        0x0 c:/program files/microchip/xc8/v2.31/avr/bin/../lib/gcc/avr/5.4.0/../../../../avr/lib/avr5/memx-const\libc.a(fputc.o)
 .bss           0x0000000000000000        0x0 c:/program files/microchip/xc8/v2.31/avr/bin/../lib/gcc/avr/5.4.0/../../../../avr/lib/avr5/memx-const\libc.a(fputc.o)
 .text          0x0000000000000000        0x0 c:/program files/microchip/xc8/v2.31/avr/bin/../lib/gcc/avr/5.4.0/../../../../avr/lib/avr5/memx-const\libc.a(ultoa_invert.o)
 .data          0x0000000000000000        0x0 c:/program files/microchip/xc8/v2.31/avr/bin/../lib/gcc/avr/5.4.0/../../../../avr/lib/avr5/memx-const\libc.a(ultoa_invert.o)
 .bss           0x0000000000000000        0x0 c:/program files/microchip/xc8/v2.31/avr/bin/../lib/gcc/avr/5.4.0/../../../../avr/lib/avr5/memx-const\libc.a(ultoa_invert.o)
 .text          0x0000000000000000        0x0 c:/program files/microchip/xc8/v2.31/avr/bin/../lib/gcc/avr/5.4.0/avr5/memx-const\libgcc.a(_prologue.o)
 .data          0x0000000000000000        0x0 c:/program files/microchip/xc8/v2.31/avr/bin/../lib/gcc/avr/5.4.0/avr5/memx-const\libgcc.a(_prologue.o)
 .bss           0x0000000000000000        0x0 c:/program files/microchip/xc8/v2.31/avr/bin/../lib/gcc/avr/5.4.0/avr5/memx-const\libgcc.a(_prologue.o)
 .text.libgcc.mul
                0x0000000000000000        0x0 c:/program files/microchip/xc8/v2.31/avr/bin/../lib/gcc/avr/5.4.0/avr5/memx-const\libgcc.a(_prologue.o)
 .text.libgcc.div
                0x0000000000000000        0x0 c:/program files/microchip/xc8/v2.31/avr/bin/../lib/gcc/avr/5.4.0/avr5/memx-const\libgcc.a(_prologue.o)
 .text.libgcc   0x0000000000000000        0x0 c:/program files/microchip/xc8/v2.31/avr/bin/../lib/gcc/avr/5.4.0/avr5/memx-const\libgcc.a(_prologue.o)
 .text.libgcc.builtins
                0x0000000000000000        0x0 c:/program files/microchip/xc8/v2.31/avr/bin/../lib/gcc/avr/5.4.0/avr5/memx-const\libgcc.a(_prologue.o)
 .text.libgcc.fmul
                0x0000000000000000        0x0 c:/program files/microchip/xc8/v2.31/avr/bin/../lib/gcc/avr/5.4.0/avr5/memx-const\libgcc.a(_prologue.o)
 .text.libgcc.fixed
                0x0000000000000000        0x0 c:/program files/microchip/xc8/v2.31/avr/bin/../lib/gcc/avr/5.4.0/avr5/memx-const\libgcc.a(_prologue.o)
 .text          0x0000000000000000        0x0 c:/program files/microchip/xc8/v2.31/avr/bin/../lib/gcc/avr/5.4.0/avr5/memx-const\libgcc.a(_epilogue.o)
 .data          0x0000000000000000        0x0 c:/program files/microchip/xc8/v2.31/avr/bin/../lib/gcc/avr/5.4.0/avr5/memx-const\libgcc.a(_epilogue.o)
 .bss           0x0000000000000000        0x0 c:/program files/microchip/xc8/v2.31/avr/bin/../lib/gcc/avr/5.4.0/avr5/memx-const\libgcc.a(_epilogue.o)
 .text.libgcc.mul
                0x0000000000000000        0x0 c:/program files/microchip/xc8/v2.31/avr/bin/../lib/gcc/avr/5.4.0/avr5/memx-const\libgcc.a(_epilogue.o)
 .text.libgcc.div
                0x0000000000000000        0x0 c:/program files/microchip/xc8/v2.31/avr/bin/../lib/gcc/avr/5.4.0/avr5/memx-const\libgcc.a(_epilogue.o)
 .text.libgcc   0x0000000000000000        0x0 c:/program files/microchip/xc8/v2.31/avr/bin/../lib/gcc/avr/5.4.0/avr5/memx-const\libgcc.a(_epilogue.o)
 .text.libgcc.builtins
                0x0000000000000000        0x0 c:/program files/microchip/xc8/v2.31/avr/bin/../lib/gcc/avr/5.4.0/avr5/memx-const\libgcc.a(_epilogue.o)
 .text.libgcc.fmul
                0x0000000000000000        0x0 c:/program files/microchip/xc8/v2.31/avr/bin/../lib/gcc/avr/5.4.0/avr5/memx-const\libgcc.a(_epilogue.o)
 .text.libgcc.fixed
                0x0000000000000000        0x0 c:/program files/microchip/xc8/v2.31/avr/bin/../lib/gcc/avr/5.4.0/avr5/memx-const\libgcc.a(_epilogue.o)

Memory Configuration

Name             Origin             Length             Attributes
text             0x0000000000000000 0x0000000000008000 xr
data             0x0000000000800100 0x0000000000000800 rw !x
eeprom           0x0000000000810000 0x0000000000000400 rw !x
fuse             0x0000000000820000 0x0000000000000003 rw !x
lock             0x0000000000830000 0x0000000000000400 rw !x
signature        0x0000000000840000 0x0000000000000400 rw !x
user_signatures  0x0000000000850000 0x0000000000000400 rw !x
*default*        0x0000000000000000 0xffffffffffffffff

Linker script and memory map

Address of section .data set to 0x800100
LOAD C:/Program Files (x86)/Atmel/Studio/7.0/Packs/atmel/ATmega_DFP/1.6.364/xc8/avr/lib/avr5/memx-const/crtatmega328pb.o
LOAD atmel_start.o
LOAD Display/DisplayTool.o
LOAD EEPROM/EepromTool.o
LOAD Globals.o
LOAD LCD/lcd_drv.o
LOAD main.o
LOAD src/driver_init.o
LOAD src/protected_io.o
LOAD Switch/SwitchConfig.o
LOAD Timer/atmega-timers.o
LOAD Timer/CustomTimer.o
LOAD Tools/MyMath.o
START GROUP
LOAD c:/program files/microchip/xc8/v2.31/avr/bin/../lib/gcc/avr/5.4.0/../../../../avr/lib/avr5/memx-const\libm.a
END GROUP
START GROUP
LOAD c:/program files/microchip/xc8/v2.31/avr/bin/../lib/gcc/avr/5.4.0/avr5/memx-const\libgcc.a
LOAD c:/program files/microchip/xc8/v2.31/avr/bin/../lib/gcc/avr/5.4.0/../../../../avr/lib/avr5/memx-const\libm.a
LOAD c:/program files/microchip/xc8/v2.31/avr/bin/../lib/gcc/avr/5.4.0/../../../../avr/lib/avr5/memx-const\libc.a
LOAD C:/Program Files (x86)/Atmel/Studio/7.0/Packs/atmel/ATmega_DFP/1.6.364/xc8/avr/lib/avr5/memx-const\libatmega328pb.a
END GROUP
                [0x0000000000000000]                __TEXT_REGION_ORIGIN__ = DEFINED (__TEXT_REGION_ORIGIN__)?__TEXT_REGION_ORIGIN__:0x0
                [0x0000000000800100]                __DATA_REGION_ORIGIN__ = DEFINED (__DATA_REGION_ORIGIN__)?__DATA_REGION_ORIGIN__:0x800060
                [0x0000000000008000]                __TEXT_REGION_LENGTH__ = DEFINED (__TEXT_REGION_LENGTH__)?__TEXT_REGION_LENGTH__:0x20000
                [0x0000000000000800]                __DATA_REGION_LENGTH__ = DEFINED (__DATA_REGION_LENGTH__)?__DATA_REGION_LENGTH__:0xffa0
                [0x0000000000000400]                __EEPROM_REGION_LENGTH__ = DEFINED (__EEPROM_REGION_LENGTH__)?__EEPROM_REGION_LENGTH__:0x10000
                [0x0000000000000003]                __FUSE_REGION_LENGTH__ = DEFINED (__FUSE_REGION_LENGTH__)?__FUSE_REGION_LENGTH__:0x400
                0x0000000000000400                __LOCK_REGION_LENGTH__ = DEFINED (__LOCK_REGION_LENGTH__)?__LOCK_REGION_LENGTH__:0x400
                0x0000000000000400                __SIGNATURE_REGION_LENGTH__ = DEFINED (__SIGNATURE_REGION_LENGTH__)?__SIGNATURE_REGION_LENGTH__:0x400
                0x0000000000000400                __USER_SIGNATURE_REGION_LENGTH__ = DEFINED (__USER_SIGNATURE_REGION_LENGTH__)?__USER_SIGNATURE_REGION_LENGTH__:0x400

.hash
 *(.hash)

.dynsym
 *(.dynsym)

.dynstr
 *(.dynstr)

.gnu.version
 *(.gnu.version)

.gnu.version_d
 *(.gnu.version_d)

.gnu.version_r
 *(.gnu.version_r)

.rel.init
 *(.rel.init)

.rela.init
 *(.rela.init)

.rel.text
 *(.rel.text)
 *(.rel.text.*)
 *(.rel.gnu.linkonce.t*)

.rela.text
 *(.rela.text)
 *(.rela.text.*)
 *(.rela.gnu.linkonce.t*)

.rel.fini
 *(.rel.fini)

.rela.fini
 *(.rela.fini)

.rel.rodata
 *(.rel.rodata)
 *(.rel.rodata.*)
 *(.rel.gnu.linkonce.r*)

.rela.rodata
 *(.rela.rodata)
 *(.rela.rodata.*)
 *(.rela.gnu.linkonce.r*)

.rel.data
 *(.rel.data)
 *(.rel.data.*)
 *(.rel.gnu.linkonce.d*)

.rela.data
 *(.rela.data)
 *(.rela.data.*)
 *(.rela.gnu.linkonce.d*)

.rel.ctors
 *(.rel.ctors)

.rela.ctors
 *(.rela.ctors)

.rel.dtors
 *(.rel.dtors)

.rela.dtors
 *(.rela.dtors)

.rel.got
 *(.rel.got)

.rela.got
 *(.rela.got)

.rel.bss
 *(.rel.bss)

.rela.bss
 *(.rela.bss)

.rel.plt
 *(.rel.plt)

.rela.plt
 *(.rela.plt)

.text           0x0000000000000000      0x134
 *(.vectors)
 .vectors       0x0000000000000000       0xb4 C:/Program Files (x86)/Atmel/Studio/7.0/Packs/atmel/ATmega_DFP/1.6.364/xc8/avr/lib/avr5/memx-const/crtatmega328pb.o
                0x0000000000000000                __vector_default
                0x0000000000000000                __vectors
 *(.vectors)
 *(.progmem.gcc*)
 .progmem.gcc_sw_table.increaseSetValueDigit
                0x00000000000000b4       0x14 Display/DisplayTool.o
 *(.dinit)
 .dinit         0x00000000000000c8       0x18 data_init
                0x00000000000000e0                . = ALIGN (0x2)
                0x00000000000000e0                __trampolines_start = .
 *(.trampolines)
 .trampolines   0x00000000000000e0        0x0 linker stubs
 *(.trampolines*)
                0x00000000000000e0                __trampolines_end = .
 *libprintf_flt.a:*(.progmem.data)
 *libc.a:*(.progmem.data)
                0x00000000000000e0                . = ALIGN (0x2)
 *(.jumptables)
 *(.jumptables*)
 *(.lowtext)
 *(.lowtext*)
                0x00000000000000e0                __ctors_start = .
 *(.ctors)
                0x00000000000000e0                __ctors_end = .
                0x00000000000000e0                __dtors_start = .
 *(.dtors)
                0x00000000000000e0                __dtors_end = .
 SORT(*)(.ctors)
 SORT(*)(.dtors)
 *(.init0)
 .init0         0x00000000000000e0        0x0 C:/Program Files (x86)/Atmel/Studio/7.0/Packs/atmel/ATmega_DFP/1.6.364/xc8/avr/lib/avr5/memx-const/crtatmega328pb.o
                0x00000000000000e0                __init
 *(.init0)
 *(.init1)
 *(.init1)
 *(.init2)
 .init2         0x00000000000000e0        0xc C:/Program Files (x86)/Atmel/Studio/7.0/Packs/atmel/ATmega_DFP/1.6.364/xc8/avr/lib/avr5/memx-const/crtatmega328pb.o
 *(.init2)
 *(.init3)
 *(.init3)
 *(.init4)
 .init4         0x00000000000000ec       0x3c c:/program files/microchip/xc8/v2.31/avr/bin/../lib/gcc/avr/5.4.0/avr5/memx-const\libgcc.a(_copy_data.o)
                0x00000000000000ec                __do_copy_data
                0x000000000000011a                __do_clear_bss
 *(.init4)
 *(.init5)
 *(.init5)
 *(.init6)
 *(.init6)
 *(.init7)
 *(.init7)
 *(.init8)
 *(.init8)
 *(.init9)
 .init9         0x0000000000000128        0x8 C:/Program Files (x86)/Atmel/Studio/7.0/Packs/atmel/ATmega_DFP/1.6.364/xc8/avr/lib/avr5/memx-const/crtatmega328pb.o
 *(.init9)
                0x0000000000000130                . = ALIGN (0x2)
 *(.fini9)
 .fini9         0x0000000000000130        0x0 c:/program files/microchip/xc8/v2.31/avr/bin/../lib/gcc/avr/5.4.0/avr5/memx-const\libgcc.a(_exit.o)
                0x0000000000000130                _exit
                0x0000000000000130                exit
 *(.fini9)
 *(.fini8)
 *(.fini8)
 *(.fini7)
 *(.fini7)
 *(.fini6)
 *(.fini6)
 *(.fini5)
 *(.fini5)
 *(.fini4)
 *(.fini4)
 *(.fini3)
 *(.fini3)
 *(.fini2)
 *(.fini2)
 *(.fini1)
 *(.fini1)
 *(.fini0)
 .fini0         0x0000000000000130        0x4 c:/program files/microchip/xc8/v2.31/avr/bin/../lib/gcc/avr/5.4.0/avr5/memx-const\libgcc.a(_exit.o)
 *(.fini0)
                0x0000000000000134                _etext = .

.data           0x0000000000800100        0x0 load address 0x0000000000000134
                [!provide]                        PROVIDE (__data_start, .)
 *(.gnu.linkonce.d*)
 *(.gnu.linkonce.r*)
                0x0000000000800100                . = ALIGN (0x2)
                0x0000000000800100                _edata = .
                [!provide]                        PROVIDE (__data_end, .)

.bss            0x0000000000800100        0x6
                [!provide]                        PROVIDE (__bss_start, .)
 *(COMMON)
 COMMON         0x0000000000800100        0x6 Timer/atmega-timers.o
                0x0000000000800100                _t0_func
                0x0000000000800102                _t2_func
                0x0000000000800104                _t1_func
                [!provide]                        PROVIDE (__bss_end, .)
                0x0000000000000134                __data_load_start = LOADADDR (.data)
                0x0000000000000134                __data_load_end = (__data_load_start + SIZEOF (.data))

.noinit         0x0000000000800106        0x0
                [!provide]                        PROVIDE (__noinit_start, .)
 *(.noinit*)
                [!provide]                        PROVIDE (__noinit_end, .)
                0x0000000000800106                _end = .

.eeprom         0x0000000000810000        0x0
 *(.eeprom*)
                0x0000000000810000                __eeprom_end = .

.fuse
 *(.fuse)
 *(.lfuse)
 *(.hfuse)
 *(.efuse)

.lock
 *(.lock*)

.signature
 *(.signature*)

.user_signatures
 *(.user_signatures*)

.stab
 *(.stab)

.stabstr
 *(.stabstr)

.stab.excl
 *(.stab.excl)

.stab.exclstr
 *(.stab.exclstr)

.stab.index
 *(.stab.index)

.stab.indexstr
 *(.stab.indexstr)

.comment        0x0000000000000000       0x5b
 *(.comment)
 .comment       0x0000000000000000       0x2f atmel_start.o
                                         0x30 (size before relaxing)
 .comment       0x000000000000002f       0x30 Display/DisplayTool.o
 .comment       0x000000000000002f       0x30 EEPROM/EepromTool.o
 .comment       0x000000000000002f       0x30 Globals.o
 .comment       0x000000000000002f       0x30 LCD/lcd_drv.o
 .comment       0x000000000000002f       0x30 main.o
 .comment       0x000000000000002f       0x30 src/driver_init.o
 .comment       0x000000000000002f       0x30 Switch/SwitchConfig.o
 .comment       0x000000000000002f       0x30 Timer/atmega-timers.o
 .comment       0x000000000000002f       0x30 Tools/MyMath.o
 .comment       0x000000000000002f       0x2c c:/program files/microchip/xc8/v2.31/avr/bin/../lib/gcc/avr/5.4.0/../../../../avr/lib/avr5/memx-const\libc.a(sprintf.o)
                                         0x2d (size before relaxing)
 .comment       0x000000000000005b       0x2d c:/program files/microchip/xc8/v2.31/avr/bin/../lib/gcc/avr/5.4.0/../../../../avr/lib/avr5/memx-const\libc.a(vfprintf_std.o)
 .comment       0x000000000000005b       0x2d c:/program files/microchip/xc8/v2.31/avr/bin/../lib/gcc/avr/5.4.0/../../../../avr/lib/avr5/memx-const\libc.a(strnlen_M.o)
 .comment       0x000000000000005b       0x2d c:/program files/microchip/xc8/v2.31/avr/bin/../lib/gcc/avr/5.4.0/../../../../avr/lib/avr5/memx-const\libc.a(fputc.o)

.note.gnu.build-id
 *(.note.gnu.build-id)

.debug
 *(.debug)

.line
 *(.line)

.debug_srcinfo
 *(.debug_srcinfo)

.debug_sfnames
 *(.debug_sfnames)

.debug_aranges  0x0000000000000000      0x248
 *(.debug_aranges)
 .debug_aranges
                0x0000000000000000       0x20 atmel_start.o
 .debug_aranges
                0x0000000000000020       0x48 Display/DisplayTool.o
 .debug_aranges
                0x0000000000000068       0x40 EEPROM/EepromTool.o
 .debug_aranges
                0x00000000000000a8       0x18 Globals.o
 .debug_aranges
                0x00000000000000c0       0x68 LCD/lcd_drv.o
 .debug_aranges
                0x0000000000000128       0x28 main.o
 .debug_aranges
                0x0000000000000150       0x20 src/driver_init.o
 .debug_aranges
                0x0000000000000170       0x20 src/protected_io.o
 .debug_aranges
                0x0000000000000190       0x20 Switch/SwitchConfig.o
 .debug_aranges
                0x00000000000001b0       0x78 Timer/atmega-timers.o
 .debug_aranges
                0x0000000000000228       0x20 Tools/MyMath.o

.debug_pubnames
 *(.debug_pubnames)

.debug_info     0x0000000000000000     0x4921
 *(.debug_info .gnu.linkonce.wi.*)
 .debug_info    0x0000000000000000      0x8ea C:/Program Files (x86)/Atmel/Studio/7.0/Packs/atmel/ATmega_DFP/1.6.364/xc8/avr/lib/avr5/memx-const/crtatmega328pb.o
 .debug_info    0x00000000000008ea      0x2aa atmel_start.o
 .debug_info    0x0000000000000b94      0x787 Display/DisplayTool.o
 .debug_info    0x000000000000131b      0x541 EEPROM/EepromTool.o
 .debug_info    0x000000000000185c      0x323 Globals.o
 .debug_info    0x0000000000001b7f      0x8ce LCD/lcd_drv.o
 .debug_info    0x000000000000244d      0x85f main.o
 .debug_info    0x0000000000002cac      0xe5d src/driver_init.o
 .debug_info    0x0000000000003b09       0xa7 src/protected_io.o
 .debug_info    0x0000000000003bb0      0x568 Switch/SwitchConfig.o
 .debug_info    0x0000000000004118      0x526 Timer/atmega-timers.o
 .debug_info    0x000000000000463e      0x2e3 Tools/MyMath.o

.debug_abbrev   0x0000000000000000     0x12ab
 *(.debug_abbrev)
 .debug_abbrev  0x0000000000000000      0x86e C:/Program Files (x86)/Atmel/Studio/7.0/Packs/atmel/ATmega_DFP/1.6.364/xc8/avr/lib/avr5/memx-const/crtatmega328pb.o
 .debug_abbrev  0x000000000000086e       0x58 atmel_start.o
 .debug_abbrev  0x00000000000008c6      0x13a Display/DisplayTool.o
 .debug_abbrev  0x0000000000000a00      0x120 EEPROM/EepromTool.o
 .debug_abbrev  0x0000000000000b20       0x40 Globals.o
 .debug_abbrev  0x0000000000000b60      0x1d3 LCD/lcd_drv.o
 .debug_abbrev  0x0000000000000d33      0x1d5 main.o
 .debug_abbrev  0x0000000000000f08      0x13e src/driver_init.o
 .debug_abbrev  0x0000000000001046       0x14 src/protected_io.o
 .debug_abbrev  0x000000000000105a      0x113 Switch/SwitchConfig.o
 .debug_abbrev  0x000000000000116d       0xc9 Timer/atmega-timers.o
 .debug_abbrev  0x0000000000001236       0x75 Tools/MyMath.o

.debug_line     0x0000000000000000     0x1474
 *(.debug_line .debug_line.* .debug_line_end)
 .debug_line    0x0000000000000000      0x1a9 C:/Program Files (x86)/Atmel/Studio/7.0/Packs/atmel/ATmega_DFP/1.6.364/xc8/avr/lib/avr5/memx-const/crtatmega328pb.o
 .debug_line    0x00000000000001a9       0x60 atmel_start.o
 .debug_line    0x0000000000000209      0x23c Display/DisplayTool.o
 .debug_line    0x0000000000000445      0x1af EEPROM/EepromTool.o
 .debug_line    0x00000000000005f4       0x6d Globals.o
 .debug_line    0x0000000000000661      0x35e LCD/lcd_drv.o
 .debug_line    0x00000000000009bf      0x3db main.o
 .debug_line    0x0000000000000d9a      0x1c8 src/driver_init.o
 .debug_line    0x0000000000000f62       0x67 src/protected_io.o
 .debug_line    0x0000000000000fc9      0x14e Switch/SwitchConfig.o
 .debug_line    0x0000000000001117      0x2ab Timer/atmega-timers.o
 .debug_line    0x00000000000013c2       0xb2 Tools/MyMath.o

.debug_frame    0x0000000000000000      0x580
 *(.debug_frame)
 .debug_frame   0x0000000000000000       0x24 atmel_start.o
 .debug_frame   0x0000000000000024      0x130 Display/DisplayTool.o
 .debug_frame   0x0000000000000154       0xc0 EEPROM/EepromTool.o
 .debug_frame   0x0000000000000214       0xe4 LCD/lcd_drv.o
 .debug_frame   0x00000000000002f8       0x4c main.o
 .debug_frame   0x0000000000000344       0x24 src/driver_init.o
 .debug_frame   0x0000000000000368       0x48 Switch/SwitchConfig.o
 .debug_frame   0x00000000000003b0      0x1ac Timer/atmega-timers.o
 .debug_frame   0x000000000000055c       0x24 Tools/MyMath.o

.debug_str      0x0000000000000000      0x4e1
 *(.debug_str)
 .debug_str     0x0000000000000000      0x318 C:/Program Files (x86)/Atmel/Studio/7.0/Packs/atmel/ATmega_DFP/1.6.364/xc8/avr/lib/avr5/memx-const/crtatmega328pb.o
 .debug_str     0x0000000000000318        0xc atmel_start.o
 .debug_str     0x0000000000000324       0x39 Display/DisplayTool.o
 .debug_str     0x000000000000035d        0xa EEPROM/EepromTool.o
 .debug_str     0x0000000000000367        0x0 Globals.o
 .debug_str     0x0000000000000367       0x26 LCD/lcd_drv.o
 .debug_str     0x000000000000038d      0x117 main.o
 .debug_str     0x00000000000004a4       0x2d src/driver_init.o
 .debug_str     0x00000000000004d1        0x0 Switch/SwitchConfig.o
 .debug_str     0x00000000000004d1       0x10 Timer/atmega-timers.o
 .debug_str     0x00000000000004e1        0x0 Tools/MyMath.o

.debug_loc      0x0000000000000000     0x1485
 *(.debug_loc)
 .debug_loc     0x0000000000000000      0x423 Display/DisplayTool.o
 .debug_loc     0x0000000000000423      0x27b EEPROM/EepromTool.o
 .debug_loc     0x000000000000069e      0x48c LCD/lcd_drv.o
 .debug_loc     0x0000000000000b2a      0x12f main.o
 .debug_loc     0x0000000000000c59      0x39b src/driver_init.o
 .debug_loc     0x0000000000000ff4      0x122 Switch/SwitchConfig.o
 .debug_loc     0x0000000000001116      0x327 Timer/atmega-timers.o
 .debug_loc     0x000000000000143d       0x48 Tools/MyMath.o

.debug_macinfo
 *(.debug_macinfo)

.debug_weaknames
 *(.debug_weaknames)

.debug_funcnames
 *(.debug_funcnames)

.debug_typenames
 *(.debug_typenames)

.debug_varnames
 *(.debug_varnames)

.debug_pubtypes
 *(.debug_pubtypes)

.debug_ranges   0x0000000000000000      0x180
 *(.debug_ranges)
 .debug_ranges  0x0000000000000000       0x10 atmel_start.o
 .debug_ranges  0x0000000000000010       0x38 Display/DisplayTool.o
 .debug_ranges  0x0000000000000048       0x30 EEPROM/EepromTool.o
 .debug_ranges  0x0000000000000078       0x58 LCD/lcd_drv.o
 .debug_ranges  0x00000000000000d0       0x18 main.o
 .debug_ranges  0x00000000000000e8       0x10 src/driver_init.o
 .debug_ranges  0x00000000000000f8       0x10 Switch/SwitchConfig.o
 .debug_ranges  0x0000000000000108       0x68 Timer/atmega-timers.o
 .debug_ranges  0x0000000000000170       0x10 Tools/MyMath.o

.debug_macro
 *(.debug_macro)
OUTPUT(My Project DigitalTimer.elf elf32-avr)
LOAD linker stubs
LOAD data_init

.note.gnu.avr.deviceinfo
                0x0000000000000000       0x40
 .note.gnu.avr.deviceinfo
                0x0000000000000000       0x40 C:/Program Files (x86)/Atmel/Studio/7.0/Packs/atmel/ATmega_DFP/1.6.364/xc8/avr/lib/avr5/memx-const/crtatmega328pb.o

.bss.cursor_y   0x000000000080010e        0x1
 .bss.cursor_y  0x000000000080010e        0x1 Globals.o
                0x000000000080010e                cursor_y

.bss.cursor_x   0x000000000080010f        0x1
 .bss.cursor_x  0x000000000080010f        0x1 Globals.o
                0x000000000080010f                cursor_x

.bss.SetValMode
                0x0000000000800110        0x1
 .bss.SetValMode
                0x0000000000800110        0x1 Globals.o
                0x0000000000800110                SetValMode

.bss.ProgMode   0x0000000000800111        0x1
 .bss.ProgMode  0x0000000000800111        0x1 Globals.o
                0x0000000000800111                ProgMode

.bss.SetValue   0x0000000000800106        0x4
 .bss.SetValue  0x0000000000800106        0x4 Globals.o
                0x0000000000800106                SetValue

.bss.OperationValue
                0x000000000080010a        0x4
 .bss.OperationValue
                0x000000000080010a        0x4 Globals.o
                0x000000000080010a                OperationValue

.bss.SW_4_TO_PROCESS
                0x0000000000800113        0x1
 .bss.SW_4_TO_PROCESS
                0x0000000000800113        0x1 Switch/SwitchConfig.o
                0x0000000000800113                SW_4_TO_PROCESS

.bss.SW_3_TO_PROCESS
                0x0000000000800114        0x1
 .bss.SW_3_TO_PROCESS
                0x0000000000800114        0x1 Switch/SwitchConfig.o
                0x0000000000800114                SW_3_TO_PROCESS

.bss.SW_2_TO_PROCESS
                0x0000000000800115        0x1
 .bss.SW_2_TO_PROCESS
                0x0000000000800115        0x1 Switch/SwitchConfig.o
                0x0000000000800115                SW_2_TO_PROCESS

.bss.SW_1_TO_PROCESS
                0x0000000000800116        0x1
 .bss.SW_1_TO_PROCESS
                0x0000000000800116        0x1 Switch/SwitchConfig.o
                0x0000000000800116                SW_1_TO_PROCESS

.progmemx.data  0x0000000000000134       0x3c
 .progmemx.data
                0x0000000000000134       0x3c Display/DisplayTool.o

.progmemx.data  0x0000000000000170        0xb
 .progmemx.data
                0x0000000000000170        0xb main.o

.progmemx.data.Revision
                0x000000000000017b        0x9
 .progmemx.data.Revision
                0x000000000000017b        0x9 main.o
                0x000000000000017b                Revision

.text.avrlibc   0x0000000000000184      0x448
 .text.avrlibc  0x0000000000000184      0x448 c:/program files/microchip/xc8/v2.31/avr/bin/../lib/gcc/avr/5.4.0/../../../../avr/lib/avr5/memx-const\libc.a(vfprintf_std.o)
                0x0000000000000184                vfprintf

.text.increaseSetValueDigit
                0x00000000000005cc      0x16e
 .text.increaseSetValueDigit
                0x00000000000005cc      0x16e Display/DisplayTool.o
                0x00000000000005cc                increaseSetValueDigit

.text.main      0x000000000000073a      0x130
 .text.main     0x000000000000073a      0x130 main.o
                0x000000000000073a                main

.text.IntentionActionner
                0x000000000000086a       0xf6
 .text.IntentionActionner
                0x000000000000086a       0xf6 main.o
                0x000000000000086a                IntentionActionner

.text.system_init
                0x0000000000000960       0xe0
 .text.system_init
                0x0000000000000960       0xe0 src/driver_init.o
                0x0000000000000960                system_init

.text.__vector_4
                0x0000000000000a40       0xc0
 .text.__vector_4
                0x0000000000000a40       0xc0 Switch/SwitchConfig.o
                0x0000000000000a40                __vector_4

.text.avrlibc   0x0000000000000b00       0xbc
 .text.avrlibc  0x0000000000000b00       0xbc c:/program files/microchip/xc8/v2.31/avr/bin/../lib/gcc/avr/5.4.0/../../../../avr/lib/avr5/memx-const\libc.a(ultoa_invert.o)
                0x0000000000000b00                __ultoa_invert

.text.lcd_init  0x0000000000000bbc       0xa4
 .text.lcd_init
                0x0000000000000bbc       0xa4 LCD/lcd_drv.o
                0x0000000000000bbc                lcd_init

.text.ModifSetValue
                0x0000000000000c60       0x9a
 .text.ModifSetValue
                0x0000000000000c60       0x9a Display/DisplayTool.o
                0x0000000000000c60                ModifSetValue

.text.displayOperationValue
                0x0000000000000cfa       0x88
 .text.displayOperationValue
                0x0000000000000cfa       0x88 Display/DisplayTool.o
                0x0000000000000cfa                displayOperationValue

.text.displaySetValue
                0x0000000000000d82       0x88
 .text.displaySetValue
                0x0000000000000d82       0x88 Display/DisplayTool.o
                0x0000000000000d82                displaySetValue

.text.EEPROM_read_setValue
                0x0000000000000e0a       0x78
 .text.EEPROM_read_setValue
                0x0000000000000e0a       0x78 EEPROM/EepromTool.o
                0x0000000000000e0a                EEPROM_read_setValue

.text.avrlibc   0x0000000000000e82       0x78
 .text.avrlibc  0x0000000000000e82       0x78 c:/program files/microchip/xc8/v2.31/avr/bin/../lib/gcc/avr/5.4.0/../../../../avr/lib/avr5/memx-const\libc.a(fputc.o)
                0x0000000000000e82                fputc

.text.EEPROM_write_setValue
                0x0000000000000efa       0x60
 .text.EEPROM_write_setValue
                0x0000000000000efa       0x60 EEPROM/EepromTool.o
                0x0000000000000efa                EEPROM_write_setValue

.text.displayProgModeHome
                0x0000000000000f5a       0x56
 .text.displayProgModeHome
                0x0000000000000f5a       0x56 Display/DisplayTool.o
                0x0000000000000f5a                displayProgModeHome

.text.lcd_nibble
                0x0000000000000fb0       0x56
 .text.lcd_nibble
                0x0000000000000fb0       0x56 LCD/lcd_drv.o

.text.__vector_14
                0x0000000000001006       0x4e
 .text.__vector_14
                0x0000000000001006       0x4e Timer/atmega-timers.o
                0x0000000000001006                __vector_14

.text.__vector_11
                0x0000000000001054       0x4e
 .text.__vector_11
                0x0000000000001054       0x4e Timer/atmega-timers.o
                0x0000000000001054                __vector_11

.text.__vector_7
                0x00000000000010a2       0x4e
 .text.__vector_7
                0x00000000000010a2       0x4e Timer/atmega-timers.o
                0x00000000000010a2                __vector_7

.text.displaySetValModeHome
                0x00000000000010f0       0x4c
 .text.displaySetValModeHome
                0x00000000000010f0       0x4c Display/DisplayTool.o
                0x00000000000010f0                displaySetValModeHome

.text.avrlibc   0x000000000000113c       0x46
 .text.avrlibc  0x000000000000113c       0x46 c:/program files/microchip/xc8/v2.31/avr/bin/../lib/gcc/avr/5.4.0/../../../../avr/lib/avr5/memx-const\libc.a(sprintf.o)
                0x000000000000113c                sprintf

.text.libgcc.div
                0x0000000000001182       0x44
 .text.libgcc.div
                0x0000000000001182       0x44 c:/program files/microchip/xc8/v2.31/avr/bin/../lib/gcc/avr/5.4.0/avr5/memx-const\libgcc.a(_udivmodsi4.o)
                0x0000000000001182                __udivmodsi4

.text.libgcc.prologue
                0x00000000000011c6       0x38
 .text.libgcc.prologue
                0x00000000000011c6       0x38 c:/program files/microchip/xc8/v2.31/avr/bin/../lib/gcc/avr/5.4.0/avr5/memx-const\libgcc.a(_prologue.o)
                0x00000000000011c6                __prologue_saves__

.text.avrlibc   0x00000000000011fe       0x36
 .text.avrlibc  0x00000000000011fe       0x36 c:/program files/microchip/xc8/v2.31/avr/bin/../lib/gcc/avr/5.4.0/../../../../avr/lib/avr5/memx-const\libc.a(strnlen_M.o)
                0x00000000000011fe                strnlen

.text.libgcc.prologue
                0x0000000000001234       0x36
 .text.libgcc.prologue
                0x0000000000001234       0x36 c:/program files/microchip/xc8/v2.31/avr/bin/../lib/gcc/avr/5.4.0/avr5/memx-const\libgcc.a(_epilogue.o)
                0x0000000000001234                __epilogue_restores__

.text.lcd_command
                0x000000000000126a       0x30
 .text.lcd_command
                0x000000000000126a       0x30 LCD/lcd_drv.o
                0x000000000000126a                lcd_command

.text.lcd_putchar
                0x000000000000129a       0x2a
 .text.lcd_putchar
                0x000000000000129a       0x2a LCD/lcd_drv.o
                0x000000000000129a                lcd_putchar

.text.EEPROM_write
                0x00000000000012c4       0x28
 .text.EEPROM_write
                0x00000000000012c4       0x28 EEPROM/EepromTool.o
                0x00000000000012c4                EEPROM_write

.text.lcd_cursor_blink
                0x00000000000012ec       0x24
 .text.lcd_cursor_blink
                0x00000000000012ec       0x24 LCD/lcd_drv.o
                0x00000000000012ec                lcd_cursor_blink

.text.lcd_byte  0x0000000000001310       0x22
 .text.lcd_byte
                0x0000000000001310       0x22 LCD/lcd_drv.o

.text.MyPow     0x0000000000001332       0x22
 .text.MyPow    0x0000000000001332       0x22 Tools/MyMath.o
                0x0000000000001332                MyPow

.text.libgcc.mul
                0x0000000000001354       0x20
 .text.libgcc.mul
                0x0000000000001354       0x20 c:/program files/microchip/xc8/v2.31/avr/bin/../lib/gcc/avr/5.4.0/avr5/memx-const\libgcc.a(_mulsi3.o)
                0x0000000000001354                __mulsi3

.text.libgcc.mul
                0x0000000000001374       0x1e
 .text.libgcc.mul
                0x0000000000001374       0x1e c:/program files/microchip/xc8/v2.31/avr/bin/../lib/gcc/avr/5.4.0/avr5/memx-const\libgcc.a(_umulhisi3.o)
                0x0000000000001374                __umulhisi3

.text.EEPROM_read
                0x0000000000001392       0x1c
 .text.EEPROM_read
                0x0000000000001392       0x1c EEPROM/EepromTool.o
                0x0000000000001392                EEPROM_read

.text.lcd_puts  0x00000000000013ae       0x1a
 .text.lcd_puts
                0x00000000000013ae       0x1a LCD/lcd_drv.o
                0x00000000000013ae                lcd_puts

.text.libgcc    0x00000000000013c8       0x1a
 .text.libgcc   0x00000000000013c8       0x1a c:/program files/microchip/xc8/v2.31/avr/bin/../lib/gcc/avr/5.4.0/avr5/memx-const\libgcc.a(_movmemx.o)
                0x00000000000013c8                __movmemx_qi
                0x00000000000013ca                __movmemx_hi

.text.libgcc.mul
                0x00000000000013e2       0x16
 .text.libgcc.mul
                0x00000000000013e2       0x16 c:/program files/microchip/xc8/v2.31/avr/bin/../lib/gcc/avr/5.4.0/avr5/memx-const\libgcc.a(_muluhisi3.o)
                0x00000000000013e2                __muluhisi3

.text.protected_write_io
                0x00000000000013f8        0xe
 .text.protected_write_io
                0x00000000000013f8        0xe src/protected_io.o
                0x00000000000013f8                protected_write_io

.text.libgcc    0x0000000000001406        0xc
 .text.libgcc   0x0000000000001406        0xc c:/program files/microchip/xc8/v2.31/avr/bin/../lib/gcc/avr/5.4.0/avr5/memx-const\libgcc.a(_tablejump2.o)
                0x0000000000001406                __tablejump2__

.text.lcd_clear
                0x0000000000001412        0x8
 .text.lcd_clear
                0x0000000000001412        0x8 LCD/lcd_drv.o
                0x0000000000001412                lcd_clear

.text.lcd_nocursor_noblink
                0x000000000000141a        0x8
 .text.lcd_nocursor_noblink
                0x000000000000141a        0x8 LCD/lcd_drv.o
                0x000000000000141a                lcd_nocursor_noblink

.text.atmel_start_init
                0x0000000000001422        0x6
 .text.atmel_start_init
                0x0000000000001422        0x6 atmel_start.o
                0x0000000000001422                atmel_start_init

.text.EEPROM_wait_write_completion
                0x0000000000001428        0x6
 .text.EEPROM_wait_write_completion
                0x0000000000001428        0x6 EEPROM/EepromTool.o
                0x0000000000001428                EEPROM_wait_write_completion

.text           0x000000000000142e        0x4
 .text          0x000000000000142e        0x4 C:/Program Files (x86)/Atmel/Studio/7.0/Packs/atmel/ATmega_DFP/1.6.364/xc8/avr/lib/avr5/memx-const/crtatmega328pb.o
                0x000000000000142e                __vector_38
                0x000000000000142e                __vector_22
                0x000000000000142e                __vector_28
                0x000000000000142e                __vector_1
                0x000000000000142e                __vector_32
                0x000000000000142e                __vector_34
                0x000000000000142e                __vector_24
                0x000000000000142e                __vector_12
                0x000000000000142e                __bad_interrupt
                0x000000000000142e                __vector_6
                0x000000000000142e                __vector_31
                0x000000000000142e                __vector_35
                0x000000000000142e                __vector_39
                0x000000000000142e                __vector_3
                0x000000000000142e                __vector_23
                0x000000000000142e                __vector_30
                0x000000000000142e                __vector_25
                0x000000000000142e                __vector_13
                0x000000000000142e                __vector_17
                0x000000000000142e                __vector_19
                0x000000000000142e                __vector_41
                0x000000000000142e                __vector_43
                0x000000000000142e                __vector_27
                0x000000000000142e                __vector_5
                0x000000000000142e                __vector_33
                0x000000000000142e                __vector_37
                0x000000000000142e                __vector_44
                0x000000000000142e                __vector_9
                0x000000000000142e                __vector_2
                0x000000000000142e                __vector_21
                0x000000000000142e                __vector_15
                0x000000000000142e                __vector_36
                0x000000000000142e                __vector_29
                0x000000000000142e                __vector_40
                0x000000000000142e                __vector_8
                0x000000000000142e                __vector_26
                0x000000000000142e                __vector_10
                0x000000000000142e                __vector_16
                0x000000000000142e                __vector_18
                0x000000000000142e                __vector_20
                0x000000000000142e                __vector_42

.data.lcd_pos   0x0000000000800112        0x1 load address 0x0000000000001432
 .data.lcd_pos  0x0000000000800112        0x1 LCD/lcd_drv.o
                0x0000000000800112                lcd_pos

.data.SW_4_STATE
                0x0000000000800117        0x1 load address 0x0000000000001433
 .data.SW_4_STATE
                0x0000000000800117        0x1 Switch/SwitchConfig.o

.data.SW_3_STATE
                0x0000000000800118        0x1 load address 0x0000000000001434
 .data.SW_3_STATE
                0x0000000000800118        0x1 Switch/SwitchConfig.o

.data.SW_2_STATE
                0x0000000000800119        0x1 load address 0x0000000000001435
 .data.SW_2_STATE
                0x0000000000800119        0x1 Switch/SwitchConfig.o

.data.SW_1_STATE
                0x000000000080011a        0x1 load address 0x0000000000001436
 .data.SW_1_STATE
                0x000000000080011a        0x1 Switch/SwitchConfig.o
